Header:
- Magic Code: MB8
- Name: test
- Size: 65536 bytes (3% of total space)
- Chunks: 0
- Code Chunk: empty
- Tileset Chunk: empty
- Font Chunk: empty
- Colors: 0
