Header:
- Magic Code: MB8
- Name: test
- Size: 65536 bytes (3% of total space)
- Chunks: 1
- Code Chunk: empty
- Tileset Chunk: 0
- Font Chunk: empty
- Colors: 6

Tileset Chunk:
- Id: 0
- Name: tileset.png
- Address: 0x10000
